/mnt/slurm_home/rahul/miniconda3/envs/siddhant_env/bin/python
num_interactions:  8878
